02:05:04 [INFO] Logger initialized for daemon at "/Users/shin/Developer/TermLaunch-cli/logs/daemon.log"
02:05:04 [INFO] [DEBUG] Loaded Daemon Config: Config {
    hotkey: Hotkey {
        key: "Space",
        modifiers: [
            "Meta",
        ],
    },
    primary_terminal: PrimaryTerminal {
        terminal: "Ghostty",
        default_width: 300,
        default_height: 200,
        default_columns: 100,
        default_rows: 30,
    },
    clipboard: Clipboard {
        enabled: true,
        history_size: 100,
    },
    ui: Ui {
        launcher_width: 80,
        max_suggestions_to_display: 10,
    },
}
02:05:04 [INFO] Starting TermLaunch daemon to listen for hotkey...
02:05:04 [INFO] Configured hotkey: Meta + Space
02:05:04 [INFO] Please ensure Accessibility permissions are granted.
02:05:05 [INFO] Hotkey detected! Launching TermLaunch-cli in configured terminal...
02:05:05 [INFO] Successfully launched Ghostty with TermLaunch-cli.
02:05:05 [INFO] TUI closed. Ready for next hotkey.
